../Core/Src/main.c:100:5:main	736	static
../Core/Src/main.c:379:6:SystemClock_Config	96	static
../Core/Src/main.c:426:13:MX_ADC1_Init	48	static
../Core/Src/main.c:492:13:MX_I2C1_Init	8	static
../Core/Src/main.c:540:13:MX_TIM2_Init	64	static
../Core/Src/main.c:599:13:MX_USART2_UART_Init	8	static
../Core/Src/main.c:634:13:MX_GPIO_Init	48	static
../Core/Src/main.c:663:6:HAL_GPIO_EXTI_Callback	24	static
../Core/Src/main.c:676:6:HAL_TIM_PeriodElapsedCallback	48	static
../Core/Src/main.c:696:6:Error_Handler	4	static,ignoring_inline_asm
