../Core/Src/main.c:89:5:main	648	static
../Core/Src/main.c:349:6:SystemClock_Config	96	static
../Core/Src/main.c:396:13:MX_ADC1_Init	48	static
../Core/Src/main.c:462:13:MX_I2C1_Init	8	static
../Core/Src/main.c:510:13:MX_TIM2_Init	64	static
../Core/Src/main.c:569:13:MX_USART2_UART_Init	8	static
../Core/Src/main.c:604:13:MX_GPIO_Init	48	static
../Core/Src/main.c:633:6:HAL_GPIO_EXTI_Callback	24	static
../Core/Src/main.c:646:6:HAL_TIM_PeriodElapsedCallback	48	static
../Core/Src/main.c:666:6:Error_Handler	4	static,ignoring_inline_asm
